<?xml version="1.0" encoding="UTF-8"?><mappingRoot xmlns="http://www.ibm.com/2008/ccl/Mapping" domainID="com.ibm.msl.mapping.xml" domainIDExtension="mb" mainMap="true" targetNamespace="default" version="8.0.5.0" xmlns:map="default">
    <inlinedXMLSchema><![CDATA[<?xml version="1.0" encoding="UTF-8"?><xsd:schema xmlns:xsd="http://www.w3.org/2001/XMLSchema"> 
    <xsd:element name="element6" nillable="true" type="xsd:string"/> 
    <xsd:element name="element5" nillable="true" type="xsd:string"/> 
    <xsd:element name="element4" nillable="true" type="xsd:string"/> 
    <xsd:element name="element3" nillable="true" type="xsd:string"/> 
    <xsd:element name="element2" nillable="true" type="xsd:string"/> 
    <xsd:element name="element1" nillable="true" type="xsd:string"/> 
</xsd:schema>]]></inlinedXMLSchema>
    <input path="db:database(/xe.dbm,xe,db:schema-tables(SYSTEM,AADHAR_DB))" var="xe"/>
    <input inlinedXMLSchema="true" path="../schema_0.xsd" var="var1"/>
    <output path="jar:file://!com/ibm/etools/mft/map/xsds/predefined/JsonDomainMsg.xsd" var="var"/>
    <generation engine="xquery"/>
    <mappingDeclaration name="RetriveData_from_DB_Mapping">
        <input path="$xe/db:select(fn:false(),ResultSet(SYSTEM/AADHAR_DB/FIRST_NAME,SYSTEM/AADHAR_DB/LAST_NAME,SYSTEM/AADHAR_DB/AADHAR_NO,SYSTEM/AADHAR_DB/MOBILE_NO,SYSTEM/AADHAR_DB/DOB,SYSTEM/AADHAR_DB/ADDRESS),db:where('1=1'))" var="dbselect"/>
        <output namespace="http://www.ibm.com/iib/msl/json" path="$var/mb:msg(JSON,assembly,JSON,Properties)">
            <cast castType="userDefined" path="JSON/Data/type('anyType')" qualifier="{http://www.ibm.com/iib/msl/json}JSONObject" ref="var"/>
            <cast castType="userDefined" path="JSON/spath('Data',2)/any" qualifier="element1" ref="var1"/>
            <cast castType="userDefined" path="JSON/spath('Data',2)/any" qualifier="element2" ref="var1"/>
            <cast castType="userDefined" path="JSON/spath('Data',2)/any" qualifier="element3" ref="var1"/>
            <cast castType="userDefined" path="JSON/spath('Data',2)/any" qualifier="element4" ref="var1"/>
            <cast castType="userDefined" path="JSON/spath('Data',2)/any" qualifier="element5" ref="var1"/>
            <cast castType="userDefined" path="JSON/spath('Data',2)/any" qualifier="element6" ref="var1"/>
        </output>
        <select ref="dbselect">
            <input path="$dbselect/ResultSet"/>
            <output path="JSON"/>
            <move>
                <input path="SYSTEM/AADHAR_DB/FIRST_NAME"/>
                <output path="spath('Data',2)/element1"/>
            </move>
            <move>
                <input path="SYSTEM/AADHAR_DB/LAST_NAME"/>
                <output path="spath('Data',2)/element2"/>
            </move>
            <move>
                <input path="SYSTEM/AADHAR_DB/AADHAR_NO"/>
                <output path="spath('Data',2)/element3"/>
            </move>
            <move>
                <input path="SYSTEM/AADHAR_DB/MOBILE_NO"/>
                <output path="spath('Data',2)/element4"/>
            </move>
            <move>
                <input path="SYSTEM/AADHAR_DB/DOB"/>
                <output path="spath('Data',2)/element5"/>
            </move>
            <move>
                <input path="SYSTEM/AADHAR_DB/ADDRESS"/>
                <output path="spath('Data',2)/element6"/>
            </move>
        </select>
    </mappingDeclaration>
</mappingRoot>